
> portfolio-anxo-ferreiros@0.1.0 build
> next build

Ôû▓ Next.js 16.1.6 (Turbopack)

node.exe : ÔÜá The 
"middleware" file 
convention is 
deprecated. Please 
use "proxy" instead. 
Learn more: https://ne
xtjs.org/docs/messages
/middleware-to-proxy
En línea: 1 Carácter: 
1
+ & "C:\Program Files\
nodejs/node.exe" 
"C:\Program 
Files\nodejs/node_mo 
...
+ ~~~~~~~~~~~~~~~~~~~~
~~~~~~~~~~~~~~~~~~~~~~
~~~~~~~~~~~~~~~~~~~~~~
~~~~~
    + CategoryInfo    
          : NotSpeci  
  fied: (ÔÜá The "m   
 iddle...leware-to    
-proxy:String) []    
, RemoteException
    + FullyQualifiedE 
   rrorId : NativeCo  
  mmandError
 
  Creating an optimized production build ...
Error: `@theme` 
blocks must only 
contain custom 
properties or 
`@keyframes`.

  @theme {
>   
.animate-spin-slow {
>     animation: 
spin-slow 8s linear 
infinite;
>   }
  }
  
    [2m[at C:\Users\a
nxox\.gemini\work-spac
es\Web Profesional\por
tfolio-anxo-ferreiros\
node_modules\tailwindc
ss\dist\lib.js:34:10]
[0m
    [2m[at Pr (C:\Use
rs\anxox\.gemini\work-
spaces\Web Profesional
\portfolio-anxo-ferrei
ros\node_modules\tailw
indcss\dist\lib.js:3:1
733)][0m
    [2m[at _ (C:\User
s\anxox\.gemini\work-s
paces\Web Profesional\
portfolio-anxo-ferreir
os\node_modules\tailwi
ndcss\dist\lib.js:3:13
77)][0m
    [2m[at C:\Users\a
nxox\.gemini\work-spac
es\Web Profesional\por
tfolio-anxo-ferreiros\
node_modules\tailwindc
ss\dist\lib.js:32:7186
][0m
    [2m[at Pr (C:\Use
rs\anxox\.gemini\work-
spaces\Web Profesional
\portfolio-anxo-ferrei
ros\node_modules\tailw
indcss\dist\lib.js:3:1
733)][0m
    [2m[at _ (C:\User
s\anxox\.gemini\work-s
paces\Web Profesional\
portfolio-anxo-ferreir
os\node_modules\tailwi
ndcss\dist\lib.js:3:13
77)][0m
    [2m[at pn (C:\Use
rs\anxox\.gemini\work-
spaces\Web Profesional
\portfolio-anxo-ferrei
ros\node_modules\tailw
indcss\dist\lib.js:32:
2712)][0m
    [2m[at async dn (
C:\Users\anxox\.gemini
\work-spaces\Web Profe
sional\portfolio-anxo-
ferreiros\node_modules
\tailwindcss\dist\lib.
js:38:631)][0m
    [2m[at async Xr (
C:\Users\anxox\.gemini
\work-spaces\Web Profe
sional\portfolio-anxo-
ferreiros\node_modules
\@tailwindcss\node\dis
t\index.js:10:3417)][
0m
    [2m[at async N (C
:\Users\anxox\.gemini\
work-spaces\Web Profes
ional\portfolio-anxo-f
erreiros\node_modules\
@tailwindcss\postcss\d
ist\index.js:10:3979)]
[0m

> Build error occurred
Error: Turbopack 
build failed with 1 
errors:
./src/app/[locale]/glo
bals.css
Error evaluating 
Node.js code
CssSyntaxError: 
tailwindcss: C:\Users\
anxox\.gemini\work-spa
ces\Web Profesional\po
rtfolio-anxo-ferreiros
\src\app\[locale]\glob
als.css:1:1: `@theme` 
blocks must only 
contain custom 
properties or 
`@keyframes`.

  @theme {
>   
.animate-spin-slow {
>     animation: 
spin-slow 8s linear 
infinite;
>   }
  }
  
    at Input.error (no
de_modules/postcss/lib
/input.js:135:16) [C:\
Users\anxox\.gemini\wo
rk-spaces\Web Profesio
nal\portfolio-anxo-fer
reiros\.next\build\chu
nks\node_modules_fe693
df6._.js:4651:22]
    at Root.error (nod
e_modules/postcss/lib/
node.js:146:32) [C:\Us
ers\anxox\.gemini\work
-spaces\Web Profesiona
l\portfolio-anxo-ferre
iros\.next\build\chunk
s\node_modules_fe693df
6._.js:928:38]
    [at Object.Once (C
:\Users\anxox\.gemini\
work-spaces\Web Profes
ional\portfolio-anxo-f
erreiros\node_modules\
@tailwindcss\postcss\d
ist\index.js:10:6913)]
    at async 
LazyResult.runAsync (n
ode_modules/postcss/li
b/lazy-result.js:293:1
1) [C:\Users\anxox\.ge
mini\work-spaces\Web P
rofesional\portfolio-a
nxo-ferreiros\.next\bu
ild\chunks\node_module
s_fe693df6._.js:6214:2
1]
    at async 
transform (turbopack:/
//[turbopack-node]/tra
nsforms/postcss.ts:70:
34) [C:\Users\anxox\.g
emini\work-spaces\Web 
Profesional\portfolio-
anxo-ferreiros\.next\b
uild\chunks\[root-of-t
he-server]__51225daf._
.js:146:36]
    at async run (turb
opack:///[turbopack-no
de]/ipc/evaluate.ts:92
:23) [C:\Users\anxox\.
gemini\work-spaces\Web
 Profesional\portfolio
-anxo-ferreiros\.next\
build\chunks\[root-of-
the-server]__974941ed.
_.js:443:31]

Import trace:
  Client Component 
Browser:
    ./src/app/[locale]
/globals.css [Client 
Component Browser]
    ./src/app/[locale]
/layout.tsx [Server 
Component]


    at async 
transform (turbopack:/
//[turbopack-node]/tra
nsforms/postcss.ts:70:
34) [C:\Users\anxox\.g
emini\work-spaces\Web 
Profesional\portfolio-
anxo-ferreiros\.next\b
uild\chunks\[root-of-t
he-server]__51225daf._
.js:146:36])
    at async run (turb
opack:///[turbopack-no
de]/ipc/evaluate.ts:92
:23) [C:\Users\anxox\.
gemini\work-spaces\Web
 Profesional\portfolio
-anxo-ferreiros\.next\
build\chunks\[root-of-
the-server]__974941ed.
_.js:443:31])
